re strongly encouraged to update your project to use a newer
Android Gradle plugin that has been tested with compileSdk = 35.
If you are already using the latest version of the Android Gradle plugin,
you may need to wait until a newer version with support for compileSdk = 35 is available.
To suppress this warning, add/update
    android.suppressUnsupportedCompileSdk=35
to this project's gradle.properties.
> Task :app:preBuild UP-TO-DATE
> Task :app:preReleaseBuild UP-TO-DATE
> Task :app:javaPreCompileRelease
> Task :app:generateReleaseResValues
> Task :app:checkReleaseAarMetadata
> Task :app:mapReleaseSourceSetPaths
> Task :app:generateReleaseResources
ERROR: /home/runner/work/Stalkerheks/Stalkerheks/android/app/src/main/res/mipmap-96dpi: Resource and asset merger: Invalid resource directory name
> Task :app:mergeReleaseResources FAILED
5 actionable tasks: 5 executed
FAILURE: Build failed with an exception.
* What went wrong:
Execution failed for task ':app:mergeReleaseResources'.
> /home/runner/work/Stalkerheks/Stalkerheks/android/app/src/main/res/mipmap-96dpi: Error: Invalid resource directory name
* Try:
> Run with --stacktrace option to get the stack trace.
> Run with --info or --debug option to get more log output.
> Run with --scan to get full insights.
> Get more help at https://help.gradle.org.
BUILD FAILED in 26s
Error: Process completed with exit code 1.
